exports[`ShowEmail component should render 1`] = `
<div
  className="panel panel--accent text--left">
  <div
    className="panel__body">
    <h4>
      Validate your DKIM Signature
    </h4>
    <p
      className="paddingBottom--md text--muted">
      Send an email to this generated email address, then view your results.
    </p>
    <div
      className="flex">
      <div
        className="col-xs-12 col-md-8 col-lg-9">
        <div
          className="input__group">
          <input
            className="input__text input--full"
            readOnly={true}
            type="text"
            value="some@email.com" />
          <div
            className="input__buttonWrapper">
            <span
              className="popover__group h-block"
              onClick={[Function]}>
              <button
                className="button button--muted button--full">
                Copy
              </button>
              <div
                className="popover copyPopover popover--l popover--rightAligned popover--top">
                <h6
                  className="text--left copyPopover__label">
                  <i
                    className="fa fa-check-circle" />
                   Copied to Clipboard!
                </h6>
                <input
                  className="input__text input__text--s copyPopover__input"
                  readOnly={true}
                  value="some@email.com" />
              </div>
            </span>
          </div>
        </div>
      </div>
      <div
        className="col-xs-12 col-md-4 col-lg-3 showEmail__bump">
        <a
          className="button button--orange button--full"
          onClick={[Function]}
          style={Object {}}>
          View Results
        </a>
      </div>
    </div>
  </div>
</div>
`;
