exports[`Query Snapshots baseline snapshot 1`] = `
<div
  className="flex center-xs">
  <div
    className="col-xs-12 col-md-10 col-lg-7">
    <h1>
      SPF Inspector
    </h1>
    <p
      className="marginBottom--lg text--muted">
      Visualize your SPF records. Identify which servers are authorized to send on behalf of a domain.
    </p>
    <div
      className="panel panel--accent text--left">
      <div
        className="panel__body">
        <h4>
          Inspect a Domain
        </h4>
        <p
          className="paddingBottom--md text--muted">
          Enter a domain to inspect, e.g., sparkpost.com.
        </p>
        <form
          onSubmit={[Function]}>
          <div
            className="flex">
            <div
              className="col-xs-12 col-md-8">
              <div
                className="input__group">
                <input
                  className="input__text input--full"
                  onChange={[Function]}
                  placeholder="mydomain.com"
                  type="text" />
                <div
                  className="input__error">
                  Please enter a valid domain.
                </div>
              </div>
            </div>
            <div
              className="col-xs-12 col-md-4">
              <button
                className="button button--orange button--full"
                type="submit">
                View Results
              </button>
            </div>
          </div>
        </form>
      </div>
    </div>
  </div>
</div>
`;
