// Jest Snapshot v1, https://goo.gl/fbAQLP

exports[`ErrorMessage component should render correctly with a supplied icon 1`] = `
<div
  className="errorMessage"
>
  <div
    className="errorMessage__text"
  >
    <i
      className="fa fa-fa-bolt"
    />
    <p
      className="errorMessage__friendly"
    >
      An error occurred
    </p>
  </div>
</div>
`;

exports[`ErrorMessage component should render correctly with an error message 1`] = `
<div
  className="errorMessage"
>
  <div
    className="errorMessage__text"
  >
    <i
      className="fa fa-exclamation-circle"
    />
    <p
      className="errorMessage__friendly"
    >
      some string message
    </p>
  </div>
</div>
`;

exports[`ErrorMessage component should render correctly with an error message and details 1`] = `
<div
  className="errorMessage"
>
  <div
    className="errorMessage__text"
  >
    <i
      className="fa fa-exclamation-circle"
    />
    <a
      className="errorMessage__link"
      onClick={[Function]}
    >
      View Details
    </a>
    <p
      className="errorMessage__friendly"
    >
      some string message
    </p>
  </div>
</div>
`;

exports[`ErrorMessage component should render the default message with no props 1`] = `
<div
  className="errorMessage"
>
  <div
    className="errorMessage__text"
  >
    <i
      className="fa fa-exclamation-circle"
    />
    <p
      className="errorMessage__friendly"
    >
      An error occurred
    </p>
  </div>
</div>
`;
