// Jest Snapshot v1, https://goo.gl/fbAQLP

exports[`NotFound should render 404 1`] = `
<div
  className="flex center-xs"
>
  <div
    className="col-xs-12 notFound"
  >
    <h5
      className="notFound__desc"
    >
      The page you are looking for can't be found.
    </h5>
    <h1
      className="notFound__code"
    >
      404
    </h1>
  </div>
</div>
`;
